
AVRA   Ver. 1.3.0 led_off.asm Wed Nov  3 17:03:07 2021


         ; name:        led_off.asm
         ; assemble:    avra led_off.asm
         ; flash:       avrdude -F -V -c arduino -p ATMEGA328P -P /dev/ttyACM0 -b 115200 -U flash:w:led_off.hex
         ; description: turns led on port 13 on.
         ;              this is an example from https://www.instructables.com/Command-Line-Assembly-Language-Programming-for-Ard/
         ;              slightly modified for my own needs and coding style.
         ;              It turns off the LED which is connected to PB5 (digital out 13).
         
          .list
         
          start:
C:000000 e000      	ldi r16,0b00000000         ;r16 = 0b00000000
C:000001 b904      	out 0x04,r16               ;out DDRB,r16
C:000002 b905      	out 0x05,r16               ;out PortB,r16
          loop:
C:000003 cfff      	rjmp loop


Segment usage:
   Code      :         4 words (8 bytes)
   Data      :         0 bytes
   EEPROM    :         0 bytes

Assembly completed with no errors.
